
> martai@0.1.0 build
> next build

   Γû▓ Next.js 15.5.6
   - Environments: .env.local

   Creating an optimized production build ...
node.exe :  ΓÜá Compiled with warnings in 12.5s
At line:1 char:1
+ & "C:\Program Files\nodejs/node.exe" "C:\Program Files\nodejs/node_mo ...
+ ~~~~~~~~~~~~~~~~~~~~~~~~~~~~~~~~~~~~~~~~~~~~~~~~~~~~~~~~~~~~~~~~~~~~~
    + CategoryInfo          : NotSpecified: ( ΓÜá Compiled with warnings in 12.5s:String) [], RemoteException
    + FullyQualifiedErrorId : NativeCommandError
 

./app/api/analytics/data/route.ts
Module not found: Can't resolve '@/convex/_generated/api' in 
'C:\Users\josia\OneDrive\Desktop\MartAI\app\api\analytics\data'

Import trace for requested module:
./app/api/analytics/data/route.ts

./app/api/analytics/insights/route.ts
Module not found: Can't resolve '@/convex/_generated/api' in 
'C:\Users\josia\OneDrive\Desktop\MartAI\app\api\analytics\insights'

Import trace for requested module:
./app/api/analytics/insights/route.ts

./app/api/analytics/kpis/route.ts
Module not found: Can't resolve '@/convex/_generated/api' in 
'C:\Users\josia\OneDrive\Desktop\MartAI\app\api\analytics\kpis'

Import trace for requested module:
./app/api/analytics/kpis/route.ts

./app/api/analytics/sync/route.ts
Module not found: Can't resolve '@/convex/_generated/api' in 
'C:\Users\josia\OneDrive\Desktop\MartAI\app\api\analytics\sync'

Import trace for requested module:
./app/api/analytics/sync/route.ts

./app/api/auth/login/route.ts
Module not found: Can't resolve '@/convex/_generated/api' in 
'C:\Users\josia\OneDrive\Desktop\MartAI\app\api\auth\login'

Import trace for requested module:
./app/api/auth/login/route.ts

./app/api/auth/logout/route.ts
Module not found: Can't resolve '@/convex/_generated/api' in 
'C:\Users\josia\OneDrive\Desktop\MartAI\app\api\auth\logout'

Import trace for requested module:
./app/api/auth/logout/route.ts

./app/api/auth/me/route.ts
Module not found: Can't resolve '@/convex/_generated/api' in 'C:\Users\josia\OneDrive\Desktop\MartAI\app\api\auth\me'

Import trace for requested module:
./app/api/auth/me/route.ts

./app/api/auth/signup/route.ts
Module not found: Can't resolve '@/convex/_generated/api' in 
'C:\Users\josia\OneDrive\Desktop\MartAI\app\api\auth\signup'

Import trace for requested module:
./app/api/auth/signup/route.ts

./app/api/briefs/generate/route.ts
Module not found: Can't resolve '@/convex/_generated/api' in 
'C:\Users\josia\OneDrive\Desktop\MartAI\app\api\briefs\generate'

Import trace for requested module:
./app/api/briefs/generate/route.ts

./app/api/briefs/reschedule/route.ts
Module not found: Can't resolve '@/convex/_generated/api' in 
'C:\Users\josia\OneDrive\Desktop\MartAI\app\api\briefs\reschedule'

Import trace for requested module:
./app/api/briefs/reschedule/route.ts

./app/api/briefs/route.ts
Module not found: Can't resolve '@/convex/_generated/api' in 'C:\Users\josia\OneDrive\Desktop\MartAI\app\api\briefs'

Import trace for requested module:
./app/api/briefs/route.ts

./app/api/briefs/versions/route.ts
Module not found: Can't resolve '@/convex/_generated/api' in 
'C:\Users\josia\OneDrive\Desktop\MartAI\app\api\briefs\versions'

Import trace for requested module:
./app/api/briefs/versions/route.ts

./app/api/clusters/generate/route.ts
Module not found: Can't resolve '@/convex/_generated/api' in 
'C:\Users\josia\OneDrive\Desktop\MartAI\app\api\clusters\generate'

Import trace for requested module:
./app/api/clusters/generate/route.ts

./app/api/clusters/rerank/route.ts
Module not found: Can't resolve '@/convex/_generated/api' in 
'C:\Users\josia\OneDrive\Desktop\MartAI\app\api\clusters\rerank'

Import trace for requested module:
./app/api/clusters/rerank/route.ts

./app/api/clusters/route.ts
Module not found: Can't resolve '@/convex/_generated/api' in 'C:\Users\josia\OneDrive\Desktop\MartAI\app\api\clusters'

Import trace for requested module:
./app/api/clusters/route.ts

./app/api/clusters/status/route.ts
Module not found: Can't resolve '@/convex/_generated/api' in 
'C:\Users\josia\OneDrive\Desktop\MartAI\app\api\clusters\status'

Import trace for requested module:
./app/api/clusters/status/route.ts

./app/api/drafts/generate/route.ts
Module not found: Can't resolve '@/convex/_generated/api' in 
'C:\Users\josia\OneDrive\Desktop\MartAI\app\api\drafts\generate'

Import trace for requested module:
./app/api/drafts/generate/route.ts

./app/api/drafts/route.ts
Module not found: Can't resolve '@/convex/_generated/api' in 'C:\Users\josia\OneDrive\Desktop\MartAI\app\api\drafts'

Import trace for requested module:
./app/api/drafts/route.ts

./app/api/ga4/data/route.ts
Module not found: Can't resolve '@/convex/_generated/api' in 'C:\Users\josia\OneDrive\Desktop\MartAI\app\api\ga4\data'

Import trace for requested module:
./app/api/ga4/data/route.ts

./app/api/ga4/properties/route.ts
Module not found: Can't resolve '@/convex/_generated/api' in 
'C:\Users\josia\OneDrive\Desktop\MartAI\app\api\ga4\properties'

Import trace for requested module:
./app/api/ga4/properties/route.ts

./app/api/gsc/data/route.ts
Module not found: Can't resolve '@/convex/_generated/api' in 'C:\Users\josia\OneDrive\Desktop\MartAI\app\api\gsc\data'

Import trace for requested module:
./app/api/gsc/data/route.ts

./app/api/gsc/sites/route.ts
Module not found: Can't resolve '@/convex/_generated/api' in 'C:\Users\josia\OneDrive\Desktop\MartAI\app\api\gsc\sites'

Import trace for requested module:
./app/api/gsc/sites/route.ts

./app/api/insights/apply/route.ts
Module not found: Can't resolve '@/convex/_generated/api' in 
'C:\Users\josia\OneDrive\Desktop\MartAI\app\api\insights\apply'

Import trace for requested module:
./app/api/insights/apply/route.ts

./app/api/oauth/google/callback/route.ts
Module not found: Can't resolve '@/convex/_generated/api' in 
'C:\Users\josia\OneDrive\Desktop\MartAI\app\api\oauth\google\callback'

Import trace for requested module:
./app/api/oauth/google/callback/route.ts

./app/api/plans/generate/route.ts
Module not found: Can't resolve '@/convex/_generated/api' in 
'C:\Users\josia\OneDrive\Desktop\MartAI\app\api\plans\generate'

Import trace for requested module:
./app/api/plans/generate/route.ts

./app/api/plans/route.ts
Module not found: Can't resolve '@/convex/_generated/api' in 'C:\Users\josia\OneDrive\Desktop\MartAI\app\api\plans'

Import trace for requested module:
./app/api/plans/route.ts

./app/api/publish/now/route.ts
Module not found: Can't resolve '@/convex/_generated/api' in 
'C:\Users\josia\OneDrive\Desktop\MartAI\app\api\publish\now'

Import trace for requested module:
./app/api/publish/now/route.ts

./app/api/publish/route.ts
Module not found: Can't resolve '@/convex/_generated/api' in 'C:\Users\josia\OneDrive\Desktop\MartAI\app\api\publish'

Import trace for requested module:
./app/api/publish/route.ts

./app/api/publish/schedule/route.ts
Module not found: Can't resolve '@/convex/_generated/api' in 
'C:\Users\josia\OneDrive\Desktop\MartAI\app\api\publish\schedule'

Import trace for requested module:
./app/api/publish/schedule/route.ts

./app/api/publish/trigger/route.ts
Module not found: Can't resolve '@/convex/_generated/api' in 
'C:\Users\josia\OneDrive\Desktop\MartAI\app\api\publish\trigger'

Import trace for requested module:
./app/api/publish/trigger/route.ts

./app/api/user/profile/route.ts
Module not found: Can't resolve '@/convex/_generated/api' in 
'C:\Users\josia\OneDrive\Desktop\MartAI\app\api\user\profile'

Import trace for requested module:
./app/api/user/profile/route.ts

./lib/convexClient.ts
Module not found: Can't resolve '../convex/_generated/api' in 'C:\Users\josia\OneDrive\Desktop\MartAI\lib'

Import trace for requested module:
./lib/convexClient.ts
./app/api/briefs/route.ts

 Γ£ô Compiled successfully in 16.2s
   Skipping linting
   Checking validity of types ...
Failed to compile.

./convex/analytics/analytics.ts:23:14
Type error: Argument of type '"analyticsData"' is not assignable to parameter of type 
'TableNamesInDataModel<"public">'.

[0m [90m 21 |[39m     [90m// Check if data point exists[39m
 [90m 22 |[39m     [36mconst[39m existing [33m=[39m [36mawait[39m ctx[33m.[39mdb
[31m[1m>[22m[39m[90m 23 |[39m       [33m.[39mquery([32m"analyticsData"[39m)
 [90m    |[39m              [31m[1m^[22m[39m
 [90m 24 |[39m       [33m.[39mwithIndex([32m"by_project_date_source"[39m[33m,[39m (q) [33m=>[39m 
 [90m 25 |[39m         q[33m.[39meq([32m"projectId"[39m[33m,[39m 
projectId)[33m.[39meq([32m"date"[39m[33m,[39m date)[33m.[39meq([32m"source"[39m[33m,[39m source)
 [90m 26 |[39m       )[0m
Next.js build worker exited with code: 1 and signal: null
