   ▲ Next.js 15.5.9
   - Environments: .env.local

   Creating an optimized production build ...
unhandledRejection [Error: Expected usable value but received an empty preset, which is probably a mistake: presets typically come with `plugins` and sometimes with `settings`, but this has neither]
