
[1m[46m RUN [49m[22m [36mv4.0.16 [39m[90mC:/Users/josia/Desktop/Anti_MartAI/MartAI[39m

 [31m❯[39m __tests__/convex/canonical.integration.test.ts [2m([22m[2m2 tests[22m[2m | [22m[31m1 failed[39m[2m)[22m[32m 28[2mms[22m[39m
[31m       [31m×[31m should accurately aggregate metrics for a seeded project[39m[32m 13[2mms[22m[39m
       [32m✓[39m should calculate the rating correctly based on seeded data[32m 15[2mms[22m[39m

[31m⎯⎯⎯⎯⎯⎯⎯[39m[1m[41m Failed Tests 1 [49m[22m[31m⎯⎯⎯⎯⎯⎯⎯[39m

[41m[1m FAIL [22m[49m __tests__/convex/canonical.integration.test.ts[2m > [22mCanonical Data Layer[2m > [22mcanonical.metrics.getCanonicalMetrics[2m > [22mshould accurately aggregate metrics for a seeded project
[31m[1mError[22m: Validator error: Missing required field `contentType` in object[39m
[90m [2m❯[22m performAsyncSyscall node_modules/convex/dist/esm/server/impl/syscall.js:[2m28:11[22m[39m
[90m [2m❯[22m insert node_modules/convex/dist/esm/server/impl/database_impl.js:[2m70:23[22m[39m
[90m [2m❯[22m Object.insert node_modules/convex/dist/esm/server/impl/database_impl.js:[2m110:14[22m[39m
[36m [2m❯[22m __tests__/convex/canonical.integration.test.ts:[2m39:9[22m[39m
    [90m 37| [39m
    [90m 38| [39m        [90m// Content[39m
    [90m 39| [39m        [35mawait[39m ctx[33m.[39mdb[33m.[39m[34minsert[39m([32m'contentPieces'[39m[33m,[39m {
    [90m   | [39m        [31m^[39m
    [90m 40| [39m          projectId[33m,[39m
    [90m 41| [39m          title[33m:[39m [32m'Draft Piece'[39m[33m,[39m
[90m [2m❯[22m invokeFunction node_modules/convex/dist/esm/server/impl/registration_impl.js:[2m50:14[22m[39m
[90m [2m❯[22m invokeMutation node_modules/convex/dist/esm/server/impl/registration_impl.js:[2m36:18[22m[39m
[90m [2m❯[22m runTransaction node_modules/convex-test/dist/index.js:[2m1215:31[22m[39m
[90m [2m❯[22m handler node_modules/convex-test/dist/index.js:[2m1292:24[22m[39m
[90m [2m❯[22m invokeFunction node_modules/convex/dist/esm/server/impl/registration_impl.js:[2m50:14[22m[39m

[31m[2m⎯⎯⎯⎯⎯⎯⎯⎯⎯⎯⎯⎯⎯⎯⎯⎯⎯⎯⎯⎯⎯⎯⎯⎯[1/1]⎯[22m[39m


[2m Test Files [22m [1m[31m1 failed[39m[22m[90m (1)[39m
[2m      Tests [22m [1m[31m1 failed[39m[22m[2m | [22m[1m[32m1 passed[39m[22m[90m (2)[39m
[2m   Start at [22m 11:58:52
[2m   Duration [22m 390ms[2m (transform 153ms, setup 0ms, import 257ms, tests 28ms, environment 0ms)[22m

